2025-05-19 09:11:00 | WARN | repo=a4m36jee-2014-cdi-seminar | action=commit
2025-08-10 16:46:00 | DEBUG | repo=a4m36jee-2014-cdi-seminar | action=pull
2025-10-02 21:09:00 | WARN | repo=a4m36jee-2014-cdi-seminar | action=commit
2025-09-08 21:02:00 | INFO | repo=a4m36jee-2014-cdi-seminar | action=commit
2025-05-26 19:54:00 | WARN | repo=a4m36jee-2014-cdi-seminar | action=commit
2025-03-15 07:07:00 | DEBUG | repo=a4m36jee-2014-cdi-seminar | action=commit
2025-02-11 08:59:00 | DEBUG | repo=a4m36jee-2014-cdi-seminar | action=edit | files=3
2025-11-11 15:15:00 | WARN | repo=a4m36jee-2014-cdi-seminar | action=commit
2025-04-10 10:28:00 | DEBUG | repo=a4m36jee-2014-cdi-seminar | action=edit | files=5
2025-03-19 19:24:00 | WARN | repo=a4m36jee-2014-cdi-seminar | action=commit
2025-11-02 21:28:00 | DEBUG | repo=a4m36jee-2014-cdi-seminar | action=test | passed=true
2025-08-25 21:57:00 | INFO | repo=a4m36jee-2014-cdi-seminar | action=pull
2025-08-24 16:29:00 | WARN | repo=a4m36jee-2014-cdi-seminar | action=edit | files=4
2025-01-23 12:27:00 | DEBUG | repo=a4m36jee-2014-cdi-seminar | action=commit
2025-05-11 20:55:00 | DEBUG | repo=a4m36jee-2014-cdi-seminar | action=commit
2025-11-13 15:36:00 | INFO | repo=a4m36jee-2014-cdi-seminar | action=commit
2025-10-18 08:31:00 | DEBUG | repo=a4m36jee-2014-cdi-seminar | action=edit | files=5
2025-10-21 14:18:00 | INFO | repo=a4m36jee-2014-cdi-seminar | action=commit
2025-07-04 21:31:00 | INFO | repo=a4m36jee-2014-cdi-seminar | action=test | passed=true
2025-06-05 21:08:00 | DEBUG | repo=a4m36jee-2014-cdi-seminar | action=commit
2025-09-13 20:12:00 | DEBUG | repo=a4m36jee-2014-cdi-seminar | action=commit
2025-12-11 13:51:00 | DEBUG | repo=a4m36jee-2014-cdi-seminar | action=test | passed=true
2025-12-16 16:06:00 | INFO | repo=a4m36jee-2014-cdi-seminar | action=test | passed=true
2025-08-26 07:11:00 | WARN | repo=a4m36jee-2014-cdi-seminar | action=test | passed=true
2025-04-04 20:04:00 | DEBUG | repo=a4m36jee-2014-cdi-seminar | action=commit
2025-06-02 16:26:00 | INFO | repo=a4m36jee-2014-cdi-seminar | action=test | passed=true
2025-02-12 20:10:00 | DEBUG | repo=a4m36jee-2014-cdi-seminar | action=commit
2025-05-26 19:20:00 | DEBUG | repo=a4m36jee-2014-cdi-seminar | action=commit
2025-09-08 21:25:00 | DEBUG | repo=a4m36jee-2014-cdi-seminar | action=pull
2025-07-11 19:02:00 | INFO | repo=a4m36jee-2014-cdi-seminar | action=commit
2025-05-13 14:15:00 | WARN | repo=a4m36jee-2014-cdi-seminar | action=commit
2025-11-23 09:22:00 | DEBUG | repo=a4m36jee-2014-cdi-seminar | action=commit
